// Jest Snapshot v1, https://goo.gl/fbAQLP

exports[`Storyshots Badge ten 1`] = `
<View
  style={
    Object {
      "alignSelf": "center",
      "backgroundColor": "red",
      "borderRadius": 20,
      "marginTop": 50,
      "padding": 10,
    }
  }
>
  <Text
    style={
      Object {
        "color": "white",
        "fontWeight": "bold",
      }
    }
  >
    10
  </Text>
</View>
`;

exports[`Storyshots Badge three 1`] = `
<View
  style={
    Object {
      "alignSelf": "center",
      "backgroundColor": "red",
      "borderRadius": 20,
      "marginTop": 50,
      "padding": 10,
    }
  }
>
  <Text
    style={
      Object {
        "color": "white",
        "fontWeight": "bold",
      }
    }
  >
    3
  </Text>
</View>
`;

exports[`Storyshots Badge twenty 1`] = `
<View
  style={
    Object {
      "alignSelf": "center",
      "backgroundColor": "red",
      "borderRadius": 20,
      "marginTop": 50,
      "padding": 10,
    }
  }
>
  <Text
    style={
      Object {
        "color": "white",
        "fontWeight": "bold",
      }
    }
  >
    20
  </Text>
</View>
`;

exports[`Storyshots Badge two 1`] = `
<View
  style={
    Object {
      "alignSelf": "center",
      "backgroundColor": "red",
      "borderRadius": 20,
      "marginTop": 50,
      "padding": 10,
    }
  }
>
  <Text
    style={
      Object {
        "color": "white",
        "fontWeight": "bold",
      }
    }
  >
    2
  </Text>
</View>
`;
